../Drivers/STM32G0xx_HAL_Driver/Src/stm32g0xx_hal_irda.c:328:19:HAL_IRDA_Init	16	static
../Drivers/STM32G0xx_HAL_Driver/Src/stm32g0xx_hal_irda.c:393:19:HAL_IRDA_DeInit	16	static
../Drivers/STM32G0xx_HAL_Driver/Src/stm32g0xx_hal_irda.c:436:13:HAL_IRDA_MspInit	16	static
../Drivers/STM32G0xx_HAL_Driver/Src/stm32g0xx_hal_irda.c:452:13:HAL_IRDA_MspDeInit	16	static
../Drivers/STM32G0xx_HAL_Driver/Src/stm32g0xx_hal_irda.c:810:19:HAL_IRDA_Transmit	48	static
../Drivers/STM32G0xx_HAL_Driver/Src/stm32g0xx_hal_irda.c:916:19:HAL_IRDA_Receive	48	static
../Drivers/STM32G0xx_HAL_Driver/Src/stm32g0xx_hal_irda.c:1023:19:HAL_IRDA_Transmit_IT	24	static
../Drivers/STM32G0xx_HAL_Driver/Src/stm32g0xx_hal_irda.c:1085:19:HAL_IRDA_Receive_IT	24	static
../Drivers/STM32G0xx_HAL_Driver/Src/stm32g0xx_hal_irda.c:1162:19:HAL_IRDA_Transmit_DMA	24	static
../Drivers/STM32G0xx_HAL_Driver/Src/stm32g0xx_hal_irda.c:1259:19:HAL_IRDA_Receive_DMA	24	static
../Drivers/STM32G0xx_HAL_Driver/Src/stm32g0xx_hal_irda.c:1349:19:HAL_IRDA_DMAPause	16	static
../Drivers/STM32G0xx_HAL_Driver/Src/stm32g0xx_hal_irda.c:1387:19:HAL_IRDA_DMAResume	16	static
../Drivers/STM32G0xx_HAL_Driver/Src/stm32g0xx_hal_irda.c:1425:19:HAL_IRDA_DMAStop	16	static
../Drivers/STM32G0xx_HAL_Driver/Src/stm32g0xx_hal_irda.c:1502:19:HAL_IRDA_Abort	16	static
../Drivers/STM32G0xx_HAL_Driver/Src/stm32g0xx_hal_irda.c:1589:19:HAL_IRDA_AbortTransmit	16	static
../Drivers/STM32G0xx_HAL_Driver/Src/stm32g0xx_hal_irda.c:1641:19:HAL_IRDA_AbortReceive	16	static
../Drivers/STM32G0xx_HAL_Driver/Src/stm32g0xx_hal_irda.c:1699:19:HAL_IRDA_Abort_IT	24	static
../Drivers/STM32G0xx_HAL_Driver/Src/stm32g0xx_hal_irda.c:1832:19:HAL_IRDA_AbortTransmit_IT	16	static
../Drivers/STM32G0xx_HAL_Driver/Src/stm32g0xx_hal_irda.c:1910:19:HAL_IRDA_AbortReceive_IT	16	static
../Drivers/STM32G0xx_HAL_Driver/Src/stm32g0xx_hal_irda.c:1986:6:HAL_IRDA_IRQHandler	40	static
../Drivers/STM32G0xx_HAL_Driver/Src/stm32g0xx_hal_irda.c:2146:13:HAL_IRDA_TxCpltCallback	16	static
../Drivers/STM32G0xx_HAL_Driver/Src/stm32g0xx_hal_irda.c:2162:13:HAL_IRDA_TxHalfCpltCallback	16	static
../Drivers/STM32G0xx_HAL_Driver/Src/stm32g0xx_hal_irda.c:2178:13:HAL_IRDA_RxCpltCallback	16	static
../Drivers/STM32G0xx_HAL_Driver/Src/stm32g0xx_hal_irda.c:2194:13:HAL_IRDA_RxHalfCpltCallback	16	static
../Drivers/STM32G0xx_HAL_Driver/Src/stm32g0xx_hal_irda.c:2210:13:HAL_IRDA_ErrorCallback	16	static
../Drivers/STM32G0xx_HAL_Driver/Src/stm32g0xx_hal_irda.c:2226:13:HAL_IRDA_AbortCpltCallback	16	static
../Drivers/STM32G0xx_HAL_Driver/Src/stm32g0xx_hal_irda.c:2242:13:HAL_IRDA_AbortTransmitCpltCallback	16	static
../Drivers/STM32G0xx_HAL_Driver/Src/stm32g0xx_hal_irda.c:2258:13:HAL_IRDA_AbortReceiveCpltCallback	16	static
../Drivers/STM32G0xx_HAL_Driver/Src/stm32g0xx_hal_irda.c:2297:23:HAL_IRDA_GetState	24	static
../Drivers/STM32G0xx_HAL_Driver/Src/stm32g0xx_hal_irda.c:2314:10:HAL_IRDA_GetError	16	static
../Drivers/STM32G0xx_HAL_Driver/Src/stm32g0xx_hal_irda.c:2358:26:IRDA_SetConfig	32	static
../Drivers/STM32G0xx_HAL_Driver/Src/stm32g0xx_hal_irda.c:2438:26:IRDA_CheckIdleState	32	static
../Drivers/STM32G0xx_HAL_Driver/Src/stm32g0xx_hal_irda.c:2490:26:IRDA_WaitOnFlagUntilTimeout	24	static
../Drivers/STM32G0xx_HAL_Driver/Src/stm32g0xx_hal_irda.c:2525:13:IRDA_EndTxTransfer	16	static
../Drivers/STM32G0xx_HAL_Driver/Src/stm32g0xx_hal_irda.c:2541:13:IRDA_EndRxTransfer	16	static
../Drivers/STM32G0xx_HAL_Driver/Src/stm32g0xx_hal_irda.c:2558:13:IRDA_DMATransmitCplt	24	static
../Drivers/STM32G0xx_HAL_Driver/Src/stm32g0xx_hal_irda.c:2594:13:IRDA_DMATransmitHalfCplt	24	static
../Drivers/STM32G0xx_HAL_Driver/Src/stm32g0xx_hal_irda.c:2613:13:IRDA_DMAReceiveCplt	24	static
../Drivers/STM32G0xx_HAL_Driver/Src/stm32g0xx_hal_irda.c:2649:13:IRDA_DMAReceiveHalfCplt	24	static
../Drivers/STM32G0xx_HAL_Driver/Src/stm32g0xx_hal_irda.c:2668:13:IRDA_DMAError	24	static
../Drivers/STM32G0xx_HAL_Driver/Src/stm32g0xx_hal_irda.c:2708:13:IRDA_DMAAbortOnError	24	static
../Drivers/STM32G0xx_HAL_Driver/Src/stm32g0xx_hal_irda.c:2731:13:IRDA_DMATxAbortCallback	24	static
../Drivers/STM32G0xx_HAL_Driver/Src/stm32g0xx_hal_irda.c:2779:13:IRDA_DMARxAbortCallback	24	static
../Drivers/STM32G0xx_HAL_Driver/Src/stm32g0xx_hal_irda.c:2827:13:IRDA_DMATxOnlyAbortCallback	24	static
../Drivers/STM32G0xx_HAL_Driver/Src/stm32g0xx_hal_irda.c:2854:13:IRDA_DMARxOnlyAbortCallback	24	static
../Drivers/STM32G0xx_HAL_Driver/Src/stm32g0xx_hal_irda.c:2884:13:IRDA_Transmit_IT	24	static
../Drivers/STM32G0xx_HAL_Driver/Src/stm32g0xx_hal_irda.c:2923:13:IRDA_EndTransmit_IT	16	static
../Drivers/STM32G0xx_HAL_Driver/Src/stm32g0xx_hal_irda.c:2948:13:IRDA_Receive_IT	24	static
