../Core/Src/main.cpp:92:5:int main()	8	static
../Core/Src/main.cpp:177:6:void SystemClock_Config()	88	static
../Core/Src/main.cpp:228:13:void MX_RTC_Init()	32	static
../Core/Src/main.cpp:301:13:void MX_SPI1_Init()	8	static
../Core/Src/main.cpp:341:13:void MX_USART1_IRDA_Init()	8	static
../Core/Src/main.cpp:374:13:void MX_USART2_UART_Init()	8	static
../Core/Src/main.cpp:422:13:void MX_GPIO_Init()	56	static
../Core/Src/main.cpp:498:6:void StartIdleTask(void*)	16	static
../Core/Src/main.cpp:516:6:void StartDisplayTask(void*)	16	static
../Core/Src/main.cpp:535:6:void HAL_TIM_PeriodElapsedCallback(TIM_HandleTypeDef*)	16	static
../Core/Src/main.cpp:552:6:void Error_Handler()	8	static,ignoring_inline_asm
